2026-04-27 08:13:12 | Lang: en | Question: hosptl
2026-04-27 08:13:36 | Lang: en | Question: where is football
2026-04-27 08:14:19 | Lang: en | Question: dasdawdasds
2026-04-27 08:48:31 | Lang: en | Question: hosptl
2026-04-27 08:49:01 | Lang: en | Question: hosptl
2026-04-27 08:49:41 | Lang: en | Question: hosptl
2026-04-27 08:51:20 | Lang: en | Question: hsptl
2026-04-27 08:53:53 | Lang: en | Question: ispirithale
2026-04-27 08:54:01 | Lang: en | Question: ispirithale
2026-04-27 08:54:08 | Lang: en | Question: ispirithale
2026-04-27 08:54:48 | Lang: en | Question: ispirithale thama
2026-04-27 09:03:10 | Lang: en | Question: requirr
2026-04-27 09:03:19 | Lang: en | Question: requirr
2026-04-27 09:12:38 | Lang: en | Question: where is kurunegala
2026-04-27 09:12:47 | Lang: en | Question: where is colombo
2026-04-27 09:15:11 | Lang: en | Question: how to find football
2026-04-27 09:15:21 | Lang: en | Question: weather today
2026-04-27 09:15:27 | Lang: en | Question: what is 2+2
2026-04-27 09:15:34 | Lang: en | Question: thank you
2026-04-27 09:15:50 | Lang: en | Question: education department
2026-04-27 09:24:01 | Lang: en | Question: where is main ofice
2026-04-27 09:24:48 | Lang: en | Question: lol lol lol
2026-04-27 09:24:54 | Lang: en | Question: lol lal lse ta
2026-04-27 09:25:04 | Lang: en | Question: ijFLKJw
2026-04-27 09:25:09 | Lang: en | Question: 9oufWIEUFO OIFWOI\
2026-04-27 09:25:10 | Lang: en | Question: FSIPDFSD
2026-04-27 09:25:11 | Lang: en | Question: SDFSD
2026-04-27 10:12:29 | Lang: en | Question: හොස්පිටල් ගැන
2026-04-27 10:45:54 | Lang: en | Question: වාහන බුකින්
2026-04-27 10:45:56 | Lang: en | Question: හොස්පිටල් ගැන
2026-04-29 04:25:35 | Lang: en | Question: hosptl
2026-05-02 05:12:21 | Lang: si | Question: hopitl
